../Core/Src/main.c:81:5:main	16	static
../Core/Src/main.c:182:6:SystemClock_Config	72	static
../Core/Src/main.c:222:13:MX_TIM2_Init	32	static
../Core/Src/main.c:270:13:MX_TIM3_Init	32	static
../Core/Src/main.c:315:13:MX_GPIO_Init	40	static
../Core/Src/main.c:350:6:HAL_TIM_PeriodElapsedCallback	16	static
../Core/Src/main.c:361:6:comando	24	static
../Core/Src/main.c:412:6:initLCD	8	static
../Core/Src/main.c:428:6:E_cadena	16	static
../Core/Src/main.c:441:6:Error_Handler	4	static,ignoring_inline_asm
